[2026-07-30 11:36:20] bat dau: 6 tai lieu x 3 seed = 18 o, moi o 12 cau
[2026-07-30 11:36:20] luot 1: dang co 3/18 o, 36 cau -> chay tiep
[2026-07-30 12:17:02] luot 1 ket thuc (exit=0): +36 cau, tong 72 cau / 6 o
[2026-07-30 12:17:02] cho 30 phut roi chay tiep...
[2026-07-30 12:47:02] luot 2: dang co 6/18 o, 72 cau -> chay tiep
[2026-07-30 12:47:35] luot 2 ket thuc (exit=0): +0 cau, tong 72 cau / 6 o
[2026-07-30 12:47:35] cho 30 phut roi chay tiep...
[2026-07-30 15:37:52] luot 3: dang co 6/18 o, 72 cau -> chay tiep
[2026-07-30 16:20:52] luot 3 ket thuc (exit=0): +30 cau, tong 102 cau / 9 o
[2026-07-30 16:20:52] cho 30 phut roi chay tiep...
[2026-07-30 16:50:52] luot 4: dang co 9/18 o, 102 cau -> chay tiep
[2026-07-30 16:51:01] luot 4 ket thuc (exit=0): +0 cau, tong 102 cau / 9 o
[2026-07-30 16:51:01] CANH BAO: 0 cau moi o luot nay
[2026-07-30 16:51:01] cho 30 phut roi chay tiep...
[2026-07-30 17:21:01] luot 5: dang co 9/18 o, 102 cau -> chay tiep
[2026-07-30 17:21:08] luot 5 ket thuc (exit=0): +0 cau, tong 102 cau / 9 o
[2026-07-30 17:21:08] CANH BAO: 0 cau moi o luot nay
[2026-07-30 17:21:08] cho 30 phut roi chay tiep...
[2026-07-30 17:51:08] luot 6: dang co 9/18 o, 102 cau -> chay tiep
[2026-07-30 17:51:20] luot 6 ket thuc (exit=0): +0 cau, tong 102 cau / 9 o
[2026-07-30 17:51:20] CANH BAO: 0 cau moi o luot nay
[2026-07-30 17:51:20] cho 30 phut roi chay tiep...
[2026-07-30 18:21:19] luot 7: dang co 9/18 o, 102 cau -> chay tiep
[2026-07-30 18:51:23] luot 7 ket thuc (exit=0): +14 cau, tong 116 cau / 11 o
[2026-07-30 18:51:23] cho 30 phut roi chay tiep...
[2026-07-30 19:21:23] luot 8: dang co 11/18 o, 116 cau -> chay tiep
[2026-07-30 19:50:41] luot 8 ket thuc (exit=0): +23 cau, tong 139 cau / 14 o
[2026-07-30 19:50:41] cho 30 phut roi chay tiep...
[2026-07-30 20:20:41] luot 9: dang co 14/18 o, 139 cau -> chay tiep
[2026-07-30 20:26:07] luot 9 ket thuc (exit=0): +0 cau, tong 139 cau / 14 o
[2026-07-30 20:26:07] CANH BAO: 0 cau moi o luot nay
[2026-07-30 20:26:07] cho 30 phut roi chay tiep...
[2026-07-30 20:56:07] luot 10: dang co 14/18 o, 139 cau -> chay tiep
[2026-07-30 20:56:30] luot 10 ket thuc (exit=0): +0 cau, tong 139 cau / 14 o
[2026-07-30 20:56:30] CANH BAO: 0 cau moi o luot nay
[2026-07-30 20:56:30] cho 30 phut roi chay tiep...
[2026-07-30 21:26:30] luot 11: dang co 14/18 o, 139 cau -> chay tiep
[2026-07-30 21:48:03] luot 11 ket thuc (exit=0): +12 cau, tong 151 cau / 15 o
[2026-07-30 21:48:03] cho 30 phut roi chay tiep...
[2026-07-30 22:18:03] luot 12: dang co 15/18 o, 151 cau -> chay tiep
[2026-07-30 22:38:05] luot 12 ket thuc (exit=0): +12 cau, tong 163 cau / 16 o
[2026-07-30 22:38:05] cho 30 phut roi chay tiep...
[2026-07-30 23:08:05] luot 13: dang co 16/18 o, 163 cau -> chay tiep
[2026-07-30 23:15:07] luot 13 ket thuc (exit=0): +0 cau, tong 163 cau / 16 o
[2026-07-30 23:15:07] CANH BAO: 0 cau moi o luot nay
[2026-07-30 23:15:07] cho 30 phut roi chay tiep...
[2026-07-30 23:45:07] luot 14: dang co 16/18 o, 163 cau -> chay tiep
[2026-07-30 23:47:13] luot 14 ket thuc (exit=0): +0 cau, tong 163 cau / 16 o
[2026-07-30 23:47:13] CANH BAO: 0 cau moi o luot nay
[2026-07-30 23:47:13] cho 30 phut roi chay tiep...
[2026-07-31 00:17:13] luot 15: dang co 16/18 o, 163 cau -> chay tiep
[2026-07-31 00:21:22] luot 15 ket thuc (exit=0): +0 cau, tong 163 cau / 16 o
[2026-07-31 00:21:22] CANH BAO: 0 cau moi o luot nay
[2026-07-31 00:21:22] cho 30 phut roi chay tiep...
[2026-07-31 00:51:22] luot 16: dang co 16/18 o, 163 cau -> chay tiep
[2026-07-31 01:05:14] luot 16 ket thuc (exit=0): +0 cau, tong 163 cau / 16 o
[2026-07-31 01:05:14] CANH BAO: 0 cau moi o luot nay
[2026-07-31 01:05:14] cho 30 phut roi chay tiep...
[2026-07-31 01:35:14] luot 17: dang co 16/18 o, 163 cau -> chay tiep
[2026-07-31 01:52:52] luot 17 ket thuc (exit=0): +24 cau, tong 187 cau / 18 o
[2026-07-31 01:52:52] XONG: du 18 o, 187 cau
