[suite 1/12] BỎ QUA (đã có dữ liệu) report\bench\suite-20260725\full_system\seed42\file_1_trang_1-31.json
[suite 2/12] BỎ QUA (đã có dữ liệu) report\bench\suite-20260725\full_system\seed42\file_3_trang_61-90.json
[suite 3/12] BỎ QUA (đã có dữ liệu) report\bench\suite-20260725\full_system\seed42\discrete_math_p1.json
[suite 4/12] arm=full_system seed=42 pdftest/toan-thuc-te-nguyen-ham-va-tich-phan-toan-12.pdf
[suite]   exit=0 (log: report\bench\suite-20260725\full_system\seed42\toan-thuc-te-nguyen-ham-va-tich-phan-toan-12.log)
[suite 5/12] arm=full_system seed=43 pdftest/file_1_trang_1-31.pdf
[suite]   exit=0 (log: report\bench\suite-20260725\full_system\seed43\file_1_trang_1-31.log)
[suite 6/12] arm=full_system seed=43 pdftest/file_3_trang_61-90.pdf
[suite]   exit=0 (log: report\bench\suite-20260725\full_system\seed43\file_3_trang_61-90.log)
[suite 7/12] arm=full_system seed=43 pdftest/discrete_math_p1.pdf
[suite]   exit=0 (log: report\bench\suite-20260725\full_system\seed43\discrete_math_p1.log)
[suite 8/12] arm=full_system seed=43 pdftest/toan-thuc-te-nguyen-ham-va-tich-phan-toan-12.pdf
[suite]   exit=0 (log: report\bench\suite-20260725\full_system\seed43\toan-thuc-te-nguyen-ham-va-tich-phan-toan-12.log)
[suite 9/12] arm=full_system seed=44 pdftest/file_1_trang_1-31.pdf
[suite]   exit=0 (log: report\bench\suite-20260725\full_system\seed44\file_1_trang_1-31.log)
[suite 10/12] arm=full_system seed=44 pdftest/file_3_trang_61-90.pdf
[suite]   exit=0 (log: report\bench\suite-20260725\full_system\seed44\file_3_trang_61-90.log)
[suite 11/12] arm=full_system seed=44 pdftest/discrete_math_p1.pdf
[suite]   exit=0 (log: report\bench\suite-20260725\full_system\seed44\discrete_math_p1.log)
[suite 12/12] arm=full_system seed=44 pdftest/toan-thuc-te-nguyen-ham-va-tich-phan-toan-12.pdf
[suite]   exit=0 (log: report\bench\suite-20260725\full_system\seed44\toan-thuc-te-nguyen-ham-va-tich-phan-toan-12.log)
[suite] 12 ô -> report\bench\suite-20260725\suite_summary.md
